[TIMESTAMP WARN  lib_rtg::metadata] could not read metadata for crate `"std"`: Os { code: 2, kind: NotFound, message: "No such file or directory" }
DefId(0:9 ~ simple[d6ea]::fst_spec_15d57891_48b9_42ec_9cc2_f95df287dab8)
warning: unused variable: `y`
  --> ../tests/multiple_lifetimes/simple.rs:13:33
   |
13 | fn fst<'a, 'b>(x : &'a mut i32, y: &'b mut i32) -> &'a mut i32 {
   |                                 ^ help: if this is intentional, prefix it with an underscore: `_y`
   |
   = note: `#[warn(unused_variables)]` on by default

DefId(0:17 ~ simple[d6ea]::snd_spec_9d539363_def2_4fce_a949_89417687c2e0)
warning: unused variable: `x`
  --> ../tests/multiple_lifetimes/simple.rs:19:16
   |
19 | fn snd<'a, 'b>(x : &'a mut i32, y: &'b mut i32) -> &'b mut i32 {
   |                ^ help: if this is intentional, prefix it with an underscore: `_x`

compiling DefId(20:155 ~ gilogic[8049]::ownable::{impl#0}::own)
DefId(20:155 ~ gilogic[8049]::ownable::{impl#0}::own)
warning: function `swap_borrows` is never used
 --> ../tests/multiple_lifetimes/simple.rs:8:4
  |
8 | fn swap_borrows<'a, 'b>(x : &'a mut i32, y: &'b mut i32) -> (&'b mut i32, &'a mut i32) {
  |    ^^^^^^^^^^^^
  |
  = note: `#[warn(dead_code)]` on by default

warning: function `fst` is never used
  --> ../tests/multiple_lifetimes/simple.rs:13:4
   |
13 | fn fst<'a, 'b>(x : &'a mut i32, y: &'b mut i32) -> &'a mut i32 {
   |    ^^^

warning: function `snd` is never used
  --> ../tests/multiple_lifetimes/simple.rs:19:4
   |
19 | fn snd<'a, 'b>(x : &'a mut i32, y: &'b mut i32) -> &'b mut i32 {
   |    ^^^

warning: 5 warnings emitted

[TIMESTAMP DEBUG rust_to_gil] Correct!
