[TIMESTAMP WARN  lib_rtg::metadata] could not read metadata for crate `"std"`: Os { code: 2, kind: NotFound, message: "No such file or directory" }
[TIMESTAMP WARN  lib_rtg::metadata] could not read metadata for crate `"creusillian"`: Os { code: 2, kind: NotFound, message: "No such file or directory" }
[TIMESTAMP DEBUG rust_to_gil] Correct!
