warning: unused imports: `Prophecised`, `Prophecy`, `all_own_swap`, `alloc::GillianAllocator`
  --> ../tests/proph/minivec.rs:6:5
   |
6  |     alloc::GillianAllocator,
   |     ^^^^^^^^^^^^^^^^^^^^^^^
7  |     iterated::with_prophecies::{all_own, all_own_swap},
   |                                          ^^^^^^^^^^^^
...
10 |     prophecies::{Ownable, Prophecised, Prophecy},
   |                           ^^^^^^^^^^^  ^^^^^^^^
   |
   = note: `#[warn(unused_imports)]` on by default

[TIMESTAMP WARN  lib_rtg::metadata] could not read metadata for crate `"std"`: Os { code: 2, kind: NotFound, message: "No such file or directory" }
[TIMESTAMP WARN  lib_rtg::metadata] could not read metadata for crate `"creusillian"`: Os { code: 2, kind: NotFound, message: "No such file or directory" }
[TIMESTAMP WARN  lib_rtg::codegen::block] Not handling drop properly yet: _2
[TIMESTAMP WARN  lib_rtg::codegen::block] Not handling drop properly yet: _6
[TIMESTAMP WARN  lib_rtg::codegen::block] Not handling drop properly yet: _2
warning: function `dealloc_array` is never used
  --> ../tests/proph/minivec.rs:67:19
   |
67 |     pub unsafe fn dealloc_array<T>(len: usize, ptr: *mut T) {
   |                   ^^^^^^^^^^^^^
   |
   = note: `#[warn(dead_code)]` on by default

warning: function `mut_offset` is never used
  --> ../tests/proph/minivec.rs:81:19
   |
81 |     pub unsafe fn mut_offset<T>(ptr: *mut T, count: isize) -> *mut T {
   |                   ^^^^^^^^^^

warning: function `const_offset` is never used
  --> ../tests/proph/minivec.rs:85:19
   |
85 |     pub unsafe fn const_offset<T>(ptr: *const T, count: isize) -> *const T {
   |                   ^^^^^^^^^^^^

warning: function `const_add` is never used
  --> ../tests/proph/minivec.rs:92:19
   |
92 |     pub unsafe fn const_add<T>(ptr: *const T, count: usize) -> *const T {
   |                   ^^^^^^^^^

warning: 5 warnings emitted

[TIMESTAMP DEBUG rust_to_gil] Correct!
