[TIMESTAMP WARN  lib_rtg::metadata] could not read metadata for crate `"std"`: Os { code: 2, kind: NotFound, message: "No such file or directory" }
[TIMESTAMP WARN  lib_rtg::codegen::block] Not handling drop properly yet: (*(_1.0: *mut T))
[TIMESTAMP WARN  lib_rtg::codegen::block] Not handling drop properly yet: _4
[TIMESTAMP WARN  lib_rtg::codegen::block] Not handling drop properly yet: _2
warning: unused variable: `foo`
  --> ../tests/proph/my_box_proph.rs:25:20
   |
25 |         exists rm, foo: T .
   |                    ^^^ help: if this is intentional, prefix it with an underscore: `_foo`
   |
   = note: `#[warn(unused_variables)]` on by default

warning: struct `MyBox` is never constructed
 --> ../tests/proph/my_box_proph.rs:4:8
  |
4 | struct MyBox<T> {
  |        ^^^^^
  |
  = note: `#[warn(dead_code)]` on by default

warning: 2 warnings emitted

[TIMESTAMP DEBUG rust_to_gil] Correct!
