warning: unused imports: `Prophecised`, `Prophecy`
  --> ../tests/proph/vecdeque.rs:15:27
   |
15 |     prophecies::{Ownable, Prophecised, Prophecy},
   |                           ^^^^^^^^^^^  ^^^^^^^^
   |
   = note: `#[warn(unused_imports)]` on by default

warning: unused import: `std::slice`
  --> ../tests/proph/vecdeque.rs:21:5
   |
21 | use std::slice;
   |     ^^^^^^^^^^

warning: unnecessary parentheses around function argument
   --> ../tests/proph/vecdeque.rs:369:23
    |
369 |             * (end == (head + len - cap))
    |                       ^                ^
    |
    = note: `#[warn(unused_parens)]` on by default
help: remove these parentheses
    |
369 -             * (end == (head + len - cap))
369 +             * (end == head + len - cap)
    |

[TIMESTAMP WARN  lib_rtg::metadata] could not read metadata for crate `"std"`: Os { code: 2, kind: NotFound, message: "No such file or directory" }
[TIMESTAMP WARN  lib_rtg::metadata] could not read metadata for crate `"creusillian"`: Os { code: 2, kind: NotFound, message: "No such file or directory" }
[TIMESTAMP WARN  lib_rtg::codegen::block] Not handling drop properly yet: _2
warning: unused variable: `off`
   --> ../tests/proph/vecdeque.rs:451:39
    |
451 |     unsafe fn buffer_write(&mut self, off: usize, value: T) {
    |                                       ^^^ help: if this is intentional, prefix it with an underscore: `_off`
    |
    = note: `#[warn(unused_variables)]` on by default

warning: unused variable: `value`
   --> ../tests/proph/vecdeque.rs:451:51
    |
451 |     unsafe fn buffer_write(&mut self, off: usize, value: T) {
    |                                                   ^^^^^ help: if this is intentional, prefix it with an underscore: `_value`

[TIMESTAMP WARN  lib_rtg::codegen::block] Not handling drop properly yet: _3
[TIMESTAMP WARN  lib_rtg::codegen::block] Not handling drop properly yet: _11
[TIMESTAMP WARN  lib_rtg::codegen::block] Not handling drop properly yet: _2
warning: the feature `unchecked_math` has been stable since 1.79.0 and no longer requires an attribute to enable
 --> ../tests/proph/vecdeque.rs:6:12
  |
6 | #![feature(unchecked_math)]
  |            ^^^^^^^^^^^^^^
  |
  = note: `#[warn(stable_features)]` on by default

warning: unnecessary `unsafe` block
   --> ../tests/proph/vecdeque.rs:452:9
    |
452 |         unsafe {
    |         ^^^^^^ unnecessary `unsafe` block
    |
    = note: `#[warn(unused_unsafe)]` on by default

warning: field `kind` is never read
  --> ../tests/proph/vecdeque.rs:32:5
   |
31 | pub struct TryReserveError {
   |            --------------- field in this struct
32 |     kind: TryReserveErrorKind,
   |     ^^^^
   |
   = note: `#[warn(dead_code)]` on by default

warning: method `kind` is never used
  --> ../tests/proph/vecdeque.rs:42:8
   |
41 | impl TryReserveError {
   | -------------------- method in this implementation
42 |     fn kind(&self) -> TryReserveErrorKind {
   |        ^^^^

warning: variant `Zeroed` is never constructed
  --> ../tests/proph/vecdeque.rs:64:5
   |
60 | enum AllocInit {
   |      --------- variant in this enum
...
64 |     Zeroed,
   |     ^^^^^^

warning: function `handle_reserve` is never used
  --> ../tests/proph/vecdeque.rs:76:4
   |
76 | fn handle_reserve(result: Result<(), TryReserveError>) {
   |    ^^^^^^^^^^^^^^

warning: method `reserve_for_push` is never used
   --> ../tests/proph/vecdeque.rs:265:12
    |
149 | impl<T> RawVec<T> {
    | ----------------- method in this implementation
...
265 |     pub fn reserve_for_push(&mut self, len: usize) {
    |            ^^^^^^^^^^^^^^^^

warning: unused `std::result::Result` that must be used
   --> ../tests/proph/vecdeque.rs:441:9
    |
441 |         self.buf.grow_amortized(self.len, 1);
    |         ^^^^^^^^^^^^^^^^^^^^^^^^^^^^^^^^^^^^
    |
    = note: this `Result` may be an `Err` variant, which should be handled
    = note: `#[warn(unused_must_use)]` on by default
help: use `let _ = ...` to ignore the resulting value
    |
441 |         let _ = self.buf.grow_amortized(self.len, 1);
    |         +++++++

warning: 13 warnings emitted

[TIMESTAMP DEBUG rust_to_gil] Correct!
