[TIMESTAMP WARN  lib_rtg::metadata] could not read metadata for crate `"std"`: Os { code: 2, kind: NotFound, message: "No such file or directory" }
[TIMESTAMP WARN  lib_rtg::codegen::block] Not handling drop properly yet: _6
[TIMESTAMP WARN  lib_rtg::codegen::block] Not handling drop properly yet: _10
[TIMESTAMP WARN  lib_rtg::codegen::block] Not handling drop properly yet: _8
[TIMESTAMP WARN  lib_rtg::codegen::block] Not handling drop properly yet: _4
[TIMESTAMP WARN  lib_rtg::codegen::block] Not handling drop properly yet: _2
[TIMESTAMP WARN  lib_rtg::codegen::block] Not handling drop properly yet: _1
[TIMESTAMP WARN  lib_rtg::codegen::block] Not handling drop properly yet: ((*((*_1).0: *mut N<T>)).0: T)
[TIMESTAMP WARN  lib_rtg::codegen::block] Not handling drop properly yet: _3
[TIMESTAMP WARN  lib_rtg::codegen::block] Not handling drop properly yet: _2
warning: unused variable: `p`
  --> ../tests/noproph/lp.rs:31:30
   |
31 | fn extract_x<'a, T: Ownable>(p: &'a mut LP<T>);
   |                              ^ help: if this is intentional, prefix it with an underscore: `_p`
   |
   = note: `#[warn(unused_variables)]` on by default

warning: unused variable: `p`
  --> ../tests/noproph/lp.rs:38:30
   |
38 | fn extract_y<'a, T: Ownable>(p: &'a mut LP<T>);
   |                              ^ help: if this is intentional, prefix it with an underscore: `_p`

warning: fields `x` and `y` are never read
 --> ../tests/noproph/lp.rs:7:5
  |
6 | struct LP<T> {
  |        -- fields in this struct
7 |     x: *mut N<T>,
  |     ^
8 |     y: *mut N<T>,
  |     ^
  |
  = note: `#[warn(dead_code)]` on by default

warning: fields `v` and `o` are never read
  --> ../tests/noproph/lp.rs:12:5
   |
11 | struct N<T> {
   |        - fields in this struct
12 |     v: T,
   |     ^
13 |     o: *mut N<T>,
   |     ^

warning: function `extract_x___proof` should have a snake case name
  --> ../tests/noproph/lp.rs:31:4
   |
31 | fn extract_x<'a, T: Ownable>(p: &'a mut LP<T>);
   |    ^^^^^^^^^ help: convert the identifier to snake case: `extract_x_proof`
   |
   = note: `#[warn(non_snake_case)]` on by default

warning: function `extract_y___proof` should have a snake case name
  --> ../tests/noproph/lp.rs:38:4
   |
38 | fn extract_y<'a, T: Ownable>(p: &'a mut LP<T>);
   |    ^^^^^^^^^ help: convert the identifier to snake case: `extract_y_proof`

warning: variable `THIS` should have a snake case name
  --> ../tests/noproph/lp.rs:47:12
   |
47 |     fn own(self) {
   |            ^^^^ help: convert the identifier to snake case: `this`

warning: 7 warnings emitted

[TIMESTAMP INFO  rust_to_gil] Compiled!
