[TIMESTAMP WARN  lib_rtg::metadata] could not read metadata for crate `"std"`: Os { code: 2, kind: NotFound, message: "No such file or directory" }
[TIMESTAMP WARN  lib_rtg::codegen::block] Not handling drop properly yet: (*(_1.0: *mut T))
[TIMESTAMP WARN  lib_rtg::codegen::block] Not handling drop properly yet: _4
[TIMESTAMP WARN  lib_rtg::codegen::block] Not handling drop properly yet: _2
[TIMESTAMP WARN  lib_rtg::codegen::block] Not handling drop properly yet: (*((*_1).0: *mut T))
[TIMESTAMP WARN  lib_rtg::codegen::block] Not handling drop properly yet: _4
[TIMESTAMP WARN  lib_rtg::codegen::block] Not handling drop properly yet: _2
warning: struct `MyBox` is never constructed
 --> ../tests/noproph/my_box.rs:4:8
  |
4 | struct MyBox<T> {
  |        ^^^^^
  |
  = note: `#[warn(dead_code)]` on by default

warning: 1 warning emitted

[TIMESTAMP INFO  rust_to_gil] Compiled!
