#begin_init_data
{}
#end_init_data

import "i__binop.gil", "i__lang.gil", "i__std_shims.gil", "i__prophecies.gil", "i__std_shims_no_pcy.gil", "i__lang_no_pcy.gil";

spec test(G_1)
[[ (#G_1 == {{ #a, #b }}) * (G_1 == #G_1) ]]
[[ emp ]]
normal

proc test(G_1) {
        m_1G_1 := G_1;
        g_0 := m_1G_1;
        m_1G_1 := [alloc]({{ "tuple", {{ "i32", "i32" }} }});
        u := [store_value](l-nth(m_1G_1, 0i), l-nth(m_1G_1, 1i), {{ "tuple", {{ "i32", "i32" }} }}, g_0);
  bb0:  g_2 := [load_value](l-nth(m_1G_1, 0i), l+(l-nth(m_1G_1, 1i), {{ {{ "f", 0i, {{ "tuple", {{ "i32", "i32" }} }} }} }}), "i32", true);
        g_1 := l-nth(g_2, 0i);
        m_2a := g_1;
        g_4 := [load_value](l-nth(m_1G_1, 0i), l+(l-nth(m_1G_1, 1i), {{ {{ "f", 1i, {{ "tuple", {{ "i32", "i32" }} }} }} }}), "i32", true);
        g_3 := l-nth(g_4, 0i);
        m_3b := g_3;
        m_0 := 0i;
        g_5 := m_0;
        ret := g_5;
        goto rlab;
  rlab: u := [free](l-nth(m_1G_1, 0i), l-nth(m_1G_1, 1i), {{ "tuple", {{ "i32", "i32" }} }});
        return
};

