warning: unused import: `Ownable`
 --> ../tests/noproph/pattern.rs:4:26
  |
4 | use gilogic::{macros::*, Ownable};
  |                          ^^^^^^^
  |
  = note: `#[warn(unused_imports)]` on by default

[TIMESTAMP WARN  lib_rtg::metadata] could not read metadata for crate `"std"`: Os { code: 2, kind: NotFound, message: "No such file or directory" }
warning: unused variable: `a`
  --> ../tests/noproph/pattern.rs:10:10
   |
10 | fn test((a, b): (i32, i32)) -> i32 {
   |          ^ help: if this is intentional, prefix it with an underscore: `_a`
   |
   = note: `#[warn(unused_variables)]` on by default

warning: unused variable: `b`
  --> ../tests/noproph/pattern.rs:10:13
   |
10 | fn test((a, b): (i32, i32)) -> i32 {
   |             ^ help: if this is intentional, prefix it with an underscore: `_b`

warning: function `test` is never used
  --> ../tests/noproph/pattern.rs:10:4
   |
10 | fn test((a, b): (i32, i32)) -> i32 {
   |    ^^^^
   |
   = note: `#[warn(dead_code)]` on by default

warning: 4 warnings emitted

[TIMESTAMP INFO  rust_to_gil] Compiled!
