#begin_init_data
{"Test":["Struct","ReprRust",[["x",["Scalar","u32"]],["y",["Scalar","u16"]]]]}
#end_init_data

import "i__binop.gil", "i__lang.gil", "i__std_shims.gil", "i__prophecies.gil", "i__std_shims_no_pcy.gil", "i__lang_no_pcy.gil";

pred "<() as gilogic::Ownable>::own"(+self):
  (#self == {{  }}) * (self == #self);


spec test()
[[ emp ]]
[[ "<() as gilogic::Ownable>::own"(ret) ]]
normal

proc test() {
  bb0:  g_0 := "std::mem::size_of"({{ "adt", "Test", {{  }} }});
        m_3 := g_0;
        goto bb1;
  bb1:  g_1 := m_3;
        m_2 := ((6i) i<= (g_1));
        g_2 := m_2;
        goto [g_2] bb2 bb3;
  bb2:  m_1 := {{}};
        m_0 := {{}};
        g_3 := m_0;
        ret := g_3;
        goto rlab;
  bb3:  g_4 := [new_lft]();
        pLft_2 := l-nth(g_4, 0i);
        g_5 := "core::panicking::panic"(pLft_0, "assertion failed: std::mem::size_of::<Test>() >= 6");
        m_4 := g_5;
  rlab: return
};

