[TIMESTAMP WARN  lib_rtg::metadata] could not read metadata for crate `"std"`: Os { code: 2, kind: NotFound, message: "No such file or directory" }
[TIMESTAMP WARN  lib_rtg::codegen::block] Not handling drop properly yet: _2
[TIMESTAMP WARN  lib_rtg::codegen::block] Not handling drop properly yet: _1
[TIMESTAMP WARN  lib_rtg::codegen::block] Not handling drop properly yet: _4
[TIMESTAMP WARN  lib_rtg::codegen::block] Not handling drop properly yet: (*_1)
[TIMESTAMP WARN  lib_rtg::codegen::block] Not handling drop properly yet: _3
[TIMESTAMP WARN  lib_rtg::codegen::block] Not handling drop properly yet: _2
[TIMESTAMP INFO  rust_to_gil] Compiled!
