[TIMESTAMP WARN  lib_rtg::metadata] could not read metadata for crate `"std"`: Os { code: 2, kind: NotFound, message: "No such file or directory" }
warning: struct `MyInt` is never constructed
 --> ../tests/noproph/tiny_int.rs:6:8
  |
6 | struct MyInt(u32);
  |        ^^^^^
  |
  = note: `#[warn(dead_code)]` on by default

warning: 1 warning emitted

[TIMESTAMP DEBUG rust_to_gil] Correct!
