[TIMESTAMP WARN  lib_rtg::metadata] could not read metadata for crate `"std"`: Os { code: 2, kind: NotFound, message: "No such file or directory" }
[TIMESTAMP WARN  lib_rtg::codegen::block] Not handling drop properly yet: _2
[TIMESTAMP WARN  lib_rtg::codegen::block] Not handling drop properly yet: _17
warning: the feature `unchecked_math` has been stable since 1.79.0 and no longer requires an attribute to enable
 --> ../tests/noproph/vec_std.rs:5:12
  |
5 | #![feature(unchecked_math)]
  |            ^^^^^^^^^^^^^^
  |
  = note: `#[warn(stable_features)]` on by default

warning: unused variable: `vec`
   --> ../tests/noproph/vec_std.rs:295:32
    |
295 | fn extract_ith<'a, T: Ownable>(vec: &'a mut Vec<T>, ix: usize);
    |                                ^^^ help: if this is intentional, prefix it with an underscore: `_vec`
    |
    = note: `#[warn(unused_variables)]` on by default

warning: unused variable: `ix`
   --> ../tests/noproph/vec_std.rs:295:53
    |
295 | fn extract_ith<'a, T: Ownable>(vec: &'a mut Vec<T>, ix: usize);
    |                                                     ^^ help: if this is intentional, prefix it with an underscore: `_ix`

warning: variant `Zeroed` is never constructed
  --> ../tests/noproph/vec_std.rs:61:5
   |
57 | enum AllocInit {
   |      --------- variant in this enum
...
61 |     Zeroed,
   |     ^^^^^^
   |
   = note: `#[warn(dead_code)]` on by default

warning: variable `THIS` should have a snake case name
   --> ../tests/noproph/vec_std.rs:304:12
    |
304 |     fn own(self) {
    |            ^^^^ help: convert the identifier to snake case: `this`
    |
    = note: `#[warn(non_snake_case)]` on by default

warning: 5 warnings emitted

[TIMESTAMP DEBUG rust_to_gil] Correct!
