[TIMESTAMP WARN  lib_rtg::metadata] could not read metadata for crate `"std"`: Os { code: 2, kind: NotFound, message: "No such file or directory" }
[TIMESTAMP WARN  lib_rtg::codegen::block] Not handling drop properly yet: ((*((*_1).0: *mut N<T>)).0: T)
[TIMESTAMP WARN  lib_rtg::codegen::block] Not handling drop properly yet: _3
[TIMESTAMP WARN  lib_rtg::codegen::block] Not handling drop properly yet: _2
warning: unused variable: `p`
  --> ../tests/noproph/wp.rs:34:30
   |
34 | fn extract_x<'a, T: Ownable>(p: &'a mut WP<T>);
   |                              ^ help: if this is intentional, prefix it with an underscore: `_p`
   |
   = note: `#[warn(unused_variables)]` on by default

warning: unused variable: `p`
  --> ../tests/noproph/wp.rs:41:30
   |
41 | fn extract_y<'a, T: Ownable>(p: &'a mut WP<T>);
   |                              ^ help: if this is intentional, prefix it with an underscore: `_p`

warning: struct `WP` is never constructed
 --> ../tests/noproph/wp.rs:9:8
  |
9 | struct WP<T> {
  |        ^^
  |
  = note: `#[warn(dead_code)]` on by default

warning: struct `N` is never constructed
  --> ../tests/noproph/wp.rs:14:8
   |
14 | struct N<T> {
   |        ^

warning: variable `REFERENCE` should have a snake case name
  --> ../tests/noproph/wp.rs:50:12
   |
50 |     fn own(self) {
   |            ^^^^ help: convert the identifier to snake case: `reference`
   |
   = note: `#[warn(non_snake_case)]` on by default

warning: 5 warnings emitted

[TIMESTAMP DEBUG rust_to_gil] Correct!
