#begin_init_data
{"Global":["Struct","ReprRust",[]],"N":["Struct","ReprRust",[["v",["Param",0]],["o",["Ptr",{"mut":true,"ty":["Adt",["N",[["Param",0]]]]}]]]],"WP":["Struct","ReprRust",[["x",["Ptr",{"mut":true,"ty":["Adt",["N",[["Param",0]]]]}]],["y",["Ptr",{"mut":true,"ty":["Adt",["N",[["Param",0]]]]}]]]]}
#end_init_data

import "i__binop.gil", "i__lang.gil", "i__std_shims.gil", "i__prophecies.gil", "i__ownable.gil", "i__std_shims_no_pcy.gil";

pred "wp_ref_mut_xy::<T>"(+pLft_a, +pty_T0, +REFERENCE, x, y):
"wp::<T>"(pty_T0, #SELF, #x, #y) * <value>(l-nth(#REFERENCE, 0i), l-nth(#REFERENCE, 1i), {{ "adt", "WP", {{ pty_T0 }} }}; #SELF);
guard: <lft>(pLft_a; true);


pred "<WP<T> as gilogic::Ownable>::own"(+pty_T0, +self):
"wp::<T>"(pty_T0, #self, #x, #y) * types(#lvar_18: Obj, #lvar_19: List) * (#x == {{ #lvar_18, #lvar_19 }}) * types(#lvar_20: Obj, #lvar_21: List) * (#y == {{ #lvar_20, #lvar_21 }});


pred "extract_x::<T>$$extract_proof$$post"(+pty_T0, +p, +y, +x):
"<&mut T as gilogic::Ownable>::own$$inner"(pty_T0, {{ l-nth(#x, 0i), l+ (l-nth(#x, 1i), {{ {{ "f", 0i, {{ "adt", "N", {{ pty_T0 }} }} }} }}) }}) * (pty_T0 == #pty_T0) * (p == #p) * (y == #y) * (x == #x) * types(#lvar_0: Obj, #lvar_1: List) * (#p == {{ #lvar_0, #lvar_1 }}) * types(#lvar_2: Obj, #lvar_3: List) * (#y == {{ #lvar_2, #lvar_3 }}) * types(#lvar_4: Obj, #lvar_5: List) * (#x == {{ #lvar_4, #lvar_5 }});


pred "extract_y::<T>$$extract_proof$$post"(+pty_T0, +p, +y, +x):
"<&mut T as gilogic::Ownable>::own$$inner"(pty_T0, {{ l-nth(#y, 0i), l+ (l-nth(#y, 1i), {{ {{ "f", 0i, {{ "adt", "N", {{ pty_T0 }} }} }} }}) }}) * (pty_T0 == #pty_T0) * (p == #p) * (y == #y) * (x == #x) * types(#lvar_0: Obj, #lvar_1: List) * (#p == {{ #lvar_0, #lvar_1 }}) * types(#lvar_2: Obj, #lvar_3: List) * (#y == {{ #lvar_2, #lvar_3 }}) * types(#lvar_4: Obj, #lvar_5: List) * (#x == {{ #lvar_4, #lvar_5 }});


pred "extract_y::<T>$$extract_proof$$pre"(+pty_T0, +p, y, x):
"wp_ref_mut_xy::<T>$$inner"(pty_T0, #p, #x, #y) * (y == #y) * (x == #x) * types(#lvar_0: Obj, #lvar_1: List) * (#p == {{ #lvar_0, #lvar_1 }}) * types(#lvar_2: Obj, #lvar_3: List) * (#y == {{ #lvar_2, #lvar_3 }}) * types(#lvar_4: Obj, #lvar_5: List) * (#x == {{ #lvar_4, #lvar_5 }});


pred "extract_x::<T>$$extract_proof$$pre"(+pty_T0, +p, y, x):
"wp_ref_mut_xy::<T>$$inner"(pty_T0, #p, #x, #y) * (y == #y) * (x == #x) * types(#lvar_0: Obj, #lvar_1: List) * (#p == {{ #lvar_0, #lvar_1 }}) * types(#lvar_2: Obj, #lvar_3: List) * (#y == {{ #lvar_2, #lvar_3 }}) * types(#lvar_4: Obj, #lvar_5: List) * (#x == {{ #lvar_4, #lvar_5 }});


pred "wp::<T>"(+pty_T0, +wp, x, y):
(#wp == {{ #x, #y }}) * <value>(l-nth(#x, 0i), l-nth(#x, 1i), {{ "adt", "N", {{ pty_T0 }} }}; {{ #v_x, #y }}) * <value>(l-nth(#y, 0i), l-nth(#y, 1i), {{ "adt", "N", {{ pty_T0 }} }}; {{ #v_y, #x }}) * "<T as gilogic::Ownable>::own"(pty_T0, #v_x) * "<T as gilogic::Ownable>::own"(pty_T0, #v_y);


abstract pred "<T as gilogic::Ownable>::own"(+pty_Self0, +self);


pred "<&mut T as gilogic::Ownable>::own"(+lft, +pty_T0, +self: List):
<value>(l-nth(self, 0i), l-nth(self, 1i), pty_T0; #v) * "<T as gilogic::Ownable>::own"(pty_T0, #v);
guard: <lft>(lft; true);


pred "<&mut WP<T> as gilogic::Ownable>::own"(+lft, +pty_T0, +self: List):
<value>(l-nth(self, 0i), l-nth(self, 1i), {{ "adt", "WP", {{ pty_T0 }} }}; #v) * "<WP<T> as gilogic::Ownable>::own"(pty_T0, #v);
guard: <lft>(lft; true);


lemma "freeze_xy::<T>"(pLft_a, pty_T0, REFERENCE)[[ (pty_T0 == #pty_T0) * (pLft_a == #pLft_a) * "<&mut WP<T> as gilogic::Ownable>::own"(pLft_a, pty_T0, #REFERENCE) * <lft>(#pLft_a; true) * (REFERENCE == #REFERENCE) * types(#lvar_16: Obj, #lvar_17: List) * (#REFERENCE == {{ #lvar_16, #lvar_17 }}) ]]
[["wp_ref_mut_xy::<T>"(#pLft_a, #pty_T0, #REFERENCE, #x, #y)]]


lemma "extract_y::<T>$$extract_proof"(pty_T0, p)[[ "extract_y::<T>$$extract_proof$$pre"(pty_T0, #p, #x, #y) ]]
[["extract_y::<T>$$extract_proof$$post"(pty_T0, #p, #x, #y) * ("extract_y::<T>$$extract_proof$$post"(pty_T0, #p, #x, #y) -* "extract_y::<T>$$extract_proof$$pre"(pty_T0, #p, #x, #y))]]

[*
package ("extract_y::<T>$$extract_proof$$post"(pty_T0, #p, #x, #y) -* "extract_y::<T>$$extract_proof$$pre"(pty_T0, #p, #x, #y))
*]


lemma "extract_x::<T>$$extract_proof"(pty_T0, p)[[ "extract_x::<T>$$extract_proof$$pre"(pty_T0, #p, #x, #y) ]]
[["extract_x::<T>$$extract_proof$$post"(pty_T0, #p, #x, #y) * ("extract_x::<T>$$extract_proof$$post"(pty_T0, #p, #x, #y) -* "extract_x::<T>$$extract_proof$$pre"(pty_T0, #p, #x, #y))]]

[*
package ("extract_x::<T>$$extract_proof$$post"(pty_T0, #p, #x, #y) -* "extract_x::<T>$$extract_proof$$pre"(pty_T0, #p, #x, #y))
*]


lemma "extract_x::<T>"(pLft_a, pty_T0, p)[[ (pty_T0 == #pty_T0) * (pLft_a == #pLft_a) * "wp_ref_mut_xy::<T>"(pLft_a, pty_T0, #p, #x, #y) * types(#lvar_6: Obj, #lvar_7: List) * (#x == {{ #lvar_6, #lvar_7 }}) * types(#lvar_8: Obj, #lvar_9: List) * (#y == {{ #lvar_8, #lvar_9 }}) * <lft>(#pLft_a; true) * (p == #p) * types(#lvar_10: Obj, #lvar_11: List) * (#p == {{ #lvar_10, #lvar_11 }}) ]]
[["<&mut T as gilogic::Ownable>::own"(#pLft_a, #pty_T0, {{ l-nth(#x, 0i), l+ (l-nth(#x, 1i), {{ {{ "f", 0i, {{ "adt", "N", {{ #pty_T0 }} }} }} }}) }})]]


lemma "extract_y::<T>"(pLft_a, pty_T0, p)[[ (pty_T0 == #pty_T0) * (pLft_a == #pLft_a) * "wp_ref_mut_xy::<T>"(pLft_a, pty_T0, #p, #x, #y) * types(#lvar_0: Obj, #lvar_1: List) * (#x == {{ #lvar_0, #lvar_1 }}) * types(#lvar_2: Obj, #lvar_3: List) * (#y == {{ #lvar_2, #lvar_3 }}) * <lft>(#pLft_a; true) * (p == #p) * types(#lvar_4: Obj, #lvar_5: List) * (#p == {{ #lvar_4, #lvar_5 }}) ]]
[["<&mut T as gilogic::Ownable>::own"(#pLft_a, #pty_T0, {{ l-nth(#y, 0i), l+ (l-nth(#y, 1i), {{ {{ "f", 0i, {{ "adt", "N", {{ #pty_T0 }} }} }} }}) }})]]


spec "WP::<T>::assign_first"(pLft_a, pty_T0, m_1self, m_2x)
[[ (pty_T0 == #pty_T0) * (pLft_a == #pLft_a) * "<&mut WP<T> as gilogic::Ownable>::own"(pLft_a, pty_T0, #self) * "<T as gilogic::Ownable>::own"(pty_T0, #x) * <lft>(#pLft_a; true) * (self == #self) * (x == #x) * types(#lvar_22: Obj, #lvar_23: List) * (#self == {{ #lvar_22, #lvar_23 }}) ]]
[["<() as gilogic::Ownable>::own"(#ret)]]
normal

proc "WP::<T>::assign_first"(pLft_a, pty_T0, m_1self, m_2x) {
        g_0 := m_1self;
        m_1self := [alloc]({{ "ref", true, {{ "adt", "WP", {{ pty_T0 }} }} }});
        u := [store_value](l-nth(m_1self, 0i), l-nth(m_1self, 1i), {{ "ref", true, {{ "adt", "WP", {{ pty_T0 }} }} }}, g_0);
  bb0:  g_1 := m_2x;
        m_3 := g_1;
        goto bb1;
  bb1:  g_2 := m_3;
        g_4 := [load_value](l-nth(m_1self, 0i), l-nth(m_1self, 1i), {{ "ref", true, {{ "adt", "WP", {{ pty_T0 }} }} }}, true);
        g_3 := l-nth(g_4, 0i);
        g_6 := [load_value](l-nth(g_3, 0i), l+ (l-nth(g_3, 1i), {{ {{ "f", 0i, {{ "adt", "WP", {{ pty_T0 }} }} }} }}), {{ "ptr", true, {{ "adt", "N", {{ pty_T0 }} }} }}, true);
        g_5 := l-nth(g_6, 0i);
        u := [store_value](l-nth(g_5, 0i), l+ (l-nth(g_5, 1i), {{ {{ "f", 0i, {{ "adt", "N", {{ pty_T0 }} }} }} }}), pty_T0, g_2);
        goto bb3;
  bb3:  m_0 := {{  }};
        goto bb4;
  bb4:  g_7 := m_0;
        ret := g_7;
        goto rlab;
  rlab: u := [free](l-nth(m_1self, 0i), l-nth(m_1self, 1i), {{ "ref", true, {{ "adt", "WP", {{ pty_T0 }} }} }});
        return
};

spec "WP::<T>::first_mut"(pLft_a, pty_T0, m_1self)
[[ (pty_T0 == #pty_T0) * (pLft_a == #pLft_a) * "<&mut WP<T> as gilogic::Ownable>::own"(pLft_a, pty_T0, #self) * <lft>(#pLft_a; true) * (self == #self) * types(#lvar_24: Obj, #lvar_25: List) * (#self == {{ #lvar_24, #lvar_25 }}) ]]
[["<&mut T as gilogic::Ownable>::own"(#pLft_a, #pty_T0, #ret)]]
normal

proc "WP::<T>::first_mut"(pLft_a, pty_T0, m_1self) {
        g_0 := m_1self;
        m_1self := [alloc]({{ "ref", true, {{ "adt", "WP", {{ pty_T0 }} }} }});
        u := [store_value](l-nth(m_1self, 0i), l-nth(m_1self, 1i), {{ "ref", true, {{ "adt", "WP", {{ pty_T0 }} }} }}, g_0);
        m_2 := [alloc]({{ "ref", true, pty_T0 }});
        m_3 := [alloc]({{ "ref", true, pty_T0 }});
        m_6ret := [alloc]({{ "ref", true, pty_T0 }});
  bb0:  g_2 := [load_value](l-nth(m_1self, 0i), l-nth(m_1self, 1i), {{ "ref", true, {{ "adt", "WP", {{ pty_T0 }} }} }}, true);
        g_1 := l-nth(g_2, 0i);
        m_5 := g_1;
        g_3 := m_5;
        apply "freeze_xy::<T>"(pLft_a,pty_T0,g_3);
        goto bb1;
  bb1:  g_5 := [load_value](l-nth(m_1self, 0i), l-nth(m_1self, 1i), {{ "ref", true, {{ "adt", "WP", {{ pty_T0 }} }} }}, true);
        g_4 := l-nth(g_5, 0i);
        g_7 := [load_value](l-nth(g_4, 0i), l+ (l-nth(g_4, 1i), {{ {{ "f", 0i, {{ "adt", "WP", {{ pty_T0 }} }} }} }}), {{ "ptr", true, {{ "adt", "N", {{ pty_T0 }} }} }}, true);
        g_6 := l-nth(g_7, 0i);
        u := [store_value](l-nth(m_6ret, 0i), l-nth(m_6ret, 1i), {{ "ref", true, pty_T0 }}, {{ l-nth(g_6, 0i), l+ (l-nth(g_6, 1i), {{ {{ "f", 0i, {{ "adt", "N", {{ pty_T0 }} }} }} }}) }});
        g_9 := [load_value](l-nth(m_1self, 0i), l-nth(m_1self, 1i), {{ "ref", true, {{ "adt", "WP", {{ pty_T0 }} }} }}, true);
        g_8 := l-nth(g_9, 0i);
        m_8 := g_8;
        g_10 := m_8;
        apply "extract_x::<T>"(pLft_a,pty_T0,g_10);
        goto bb2;
  bb2:  g_12 := [load_value](l-nth(m_6ret, 0i), l-nth(m_6ret, 1i), {{ "ref", true, pty_T0 }}, true);
        g_11 := l-nth(g_12, 0i);
        u := [store_value](l-nth(m_3, 0i), l-nth(m_3, 1i), {{ "ref", true, pty_T0 }}, g_11);
        g_14 := [load_value](l-nth(m_3, 0i), l-nth(m_3, 1i), {{ "ref", true, pty_T0 }}, true);
        g_13 := l-nth(g_14, 0i);
        u := [store_value](l-nth(m_2, 0i), l-nth(m_2, 1i), {{ "ref", true, pty_T0 }}, g_13);
        g_16 := [load_value](l-nth(m_2, 0i), l-nth(m_2, 1i), {{ "ref", true, pty_T0 }}, true);
        g_15 := l-nth(g_16, 0i);
        m_0 := g_15;
        g_17 := m_0;
        ret := g_17;
        goto rlab;
  rlab: u := [free](l-nth(m_1self, 0i), l-nth(m_1self, 1i), {{ "ref", true, {{ "adt", "WP", {{ pty_T0 }} }} }});
        u := [free](l-nth(m_2, 0i), l-nth(m_2, 1i), {{ "ref", true, pty_T0 }});
        u := [free](l-nth(m_3, 0i), l-nth(m_3, 1i), {{ "ref", true, pty_T0 }});
        u := [free](l-nth(m_6ret, 0i), l-nth(m_6ret, 1i), {{ "ref", true, pty_T0 }});
        return
};

spec "WP::<T>::new"(pty_T0, m_1x, m_2y)
[[ (pty_T0 == #pty_T0) * "<T as gilogic::Ownable>::own"(pty_T0, #x) * "<T as gilogic::Ownable>::own"(pty_T0, #y) * (x == #x) * (y == #y) ]]
[["<WP<T> as gilogic::Ownable>::own"(#pty_T0, #ret)]]
normal

proc "WP::<T>::new"(pty_T0, m_1x, m_2y) {
        m_11xptr := [alloc]({{ "ptr", true, {{ "adt", "N", {{ pty_T0 }} }} }});
        m_12 := [alloc]({{ "ref", true, {{ "adt", "N", {{ pty_T0 }} }} }});
        m_14yptr := [alloc]({{ "ptr", true, {{ "adt", "N", {{ pty_T0 }} }} }});
        m_15 := [alloc]({{ "ref", true, {{ "adt", "N", {{ pty_T0 }} }} }});
  bb0:  g_0 := m_1x;
        m_5 := g_0;
        g_1 := "std::ptr::null_mut"({{ "adt", "N", {{ pty_T0 }} }});
        m_6 := g_1;
        goto bb1;
  bb1:  g_2 := m_5;
        g_3 := m_6;
        m_4 := {{ g_2, g_3 }};
        goto bb2;
  bb2:  g_4 := m_4;
        g_5 := "std::boxed::Box::<T>::new"({{ "adt", "N", {{ pty_T0 }} }}, g_4);
        m_3xbox := g_5;
        goto bb3;
  bb3:  g_6 := m_2y;
        m_9 := g_6;
        g_7 := "std::ptr::null_mut"({{ "adt", "N", {{ pty_T0 }} }});
        m_10 := g_7;
        goto bb4;
  bb4:  g_8 := m_9;
        g_9 := m_10;
        m_8 := {{ g_8, g_9 }};
        goto bb5;
  bb5:  g_10 := m_8;
        g_11 := "std::boxed::Box::<T>::new"({{ "adt", "N", {{ pty_T0 }} }}, g_10);
        m_7ybox := g_11;
        goto bb6;
  bb6:  g_12 := m_3xbox;
        m_13 := g_12;
        g_13 := m_13;
        g_14 := "std::boxed::Box::<T, A>::leak"({{ "adt", "N", {{ pty_T0 }} }}, {{ "adt", "Global", {{  }} }}, g_13);
        u := [store_value](l-nth(m_12, 0i), l-nth(m_12, 1i), {{ "ref", true, {{ "adt", "N", {{ pty_T0 }} }} }}, g_14);
        goto bb7;
  bb7:  g_16 := [load_value](l-nth(m_12, 0i), l-nth(m_12, 1i), {{ "ref", true, {{ "adt", "N", {{ pty_T0 }} }} }}, true);
        g_15 := l-nth(g_16, 0i);
        u := [store_value](l-nth(m_11xptr, 0i), l-nth(m_11xptr, 1i), {{ "ptr", true, {{ "adt", "N", {{ pty_T0 }} }} }}, g_15);
        g_17 := m_7ybox;
        m_16 := g_17;
        g_18 := m_16;
        g_19 := "std::boxed::Box::<T, A>::leak"({{ "adt", "N", {{ pty_T0 }} }}, {{ "adt", "Global", {{  }} }}, g_18);
        u := [store_value](l-nth(m_15, 0i), l-nth(m_15, 1i), {{ "ref", true, {{ "adt", "N", {{ pty_T0 }} }} }}, g_19);
        goto bb8;
  bb8:  g_21 := [load_value](l-nth(m_15, 0i), l-nth(m_15, 1i), {{ "ref", true, {{ "adt", "N", {{ pty_T0 }} }} }}, true);
        g_20 := l-nth(g_21, 0i);
        u := [store_value](l-nth(m_14yptr, 0i), l-nth(m_14yptr, 1i), {{ "ptr", true, {{ "adt", "N", {{ pty_T0 }} }} }}, g_20);
        g_23 := [load_value](l-nth(m_11xptr, 0i), l-nth(m_11xptr, 1i), {{ "ptr", true, {{ "adt", "N", {{ pty_T0 }} }} }}, true);
        g_22 := l-nth(g_23, 0i);
        m_18 := g_22;
        g_24 := m_18;
        g_26 := [load_value](l-nth(m_14yptr, 0i), l-nth(m_14yptr, 1i), {{ "ptr", true, {{ "adt", "N", {{ pty_T0 }} }} }}, true);
        g_25 := l-nth(g_26, 0i);
        u := [store_value](l-nth(g_25, 0i), l+ (l-nth(g_25, 1i), {{ {{ "f", 1i, {{ "adt", "N", {{ pty_T0 }} }} }} }}), {{ "ptr", true, {{ "adt", "N", {{ pty_T0 }} }} }}, g_24);
        g_28 := [load_value](l-nth(m_14yptr, 0i), l-nth(m_14yptr, 1i), {{ "ptr", true, {{ "adt", "N", {{ pty_T0 }} }} }}, true);
        g_27 := l-nth(g_28, 0i);
        m_19 := g_27;
        g_29 := m_19;
        g_31 := [load_value](l-nth(m_11xptr, 0i), l-nth(m_11xptr, 1i), {{ "ptr", true, {{ "adt", "N", {{ pty_T0 }} }} }}, true);
        g_30 := l-nth(g_31, 0i);
        u := [store_value](l-nth(g_30, 0i), l+ (l-nth(g_30, 1i), {{ {{ "f", 1i, {{ "adt", "N", {{ pty_T0 }} }} }} }}), {{ "ptr", true, {{ "adt", "N", {{ pty_T0 }} }} }}, g_29);
        m_17 := {{  }};
        g_33 := [load_value](l-nth(m_11xptr, 0i), l-nth(m_11xptr, 1i), {{ "ptr", true, {{ "adt", "N", {{ pty_T0 }} }} }}, true);
        g_32 := l-nth(g_33, 0i);
        m_20 := g_32;
        g_35 := [load_value](l-nth(m_14yptr, 0i), l-nth(m_14yptr, 1i), {{ "ptr", true, {{ "adt", "N", {{ pty_T0 }} }} }}, true);
        g_34 := l-nth(g_35, 0i);
        m_21 := g_34;
        g_36 := m_20;
        g_37 := m_21;
        m_0 := {{ g_36, g_37 }};
        goto bb9;
  bb9:  goto bb10;
  bb10: goto bb11;
  bb11: goto bb12;
  bb12: g_38 := m_0;
        ret := g_38;
        goto rlab;
  rlab: u := [free](l-nth(m_11xptr, 0i), l-nth(m_11xptr, 1i), {{ "ptr", true, {{ "adt", "N", {{ pty_T0 }} }} }});
        u := [free](l-nth(m_12, 0i), l-nth(m_12, 1i), {{ "ref", true, {{ "adt", "N", {{ pty_T0 }} }} }});
        u := [free](l-nth(m_14yptr, 0i), l-nth(m_14yptr, 1i), {{ "ptr", true, {{ "adt", "N", {{ pty_T0 }} }} }});
        u := [free](l-nth(m_15, 0i), l-nth(m_15, 1i), {{ "ref", true, {{ "adt", "N", {{ pty_T0 }} }} }});
        return
};

spec "WP::<T>::second_mut"(pLft_a, pty_T0, m_1self)
[[ (pty_T0 == #pty_T0) * (pLft_a == #pLft_a) * "<&mut WP<T> as gilogic::Ownable>::own"(pLft_a, pty_T0, #self) * <lft>(#pLft_a; true) * (self == #self) * types(#lvar_26: Obj, #lvar_27: List) * (#self == {{ #lvar_26, #lvar_27 }}) ]]
[["<&mut T as gilogic::Ownable>::own"(#pLft_a, #pty_T0, #ret)]]
normal

proc "WP::<T>::second_mut"(pLft_a, pty_T0, m_1self) {
        g_0 := m_1self;
        m_1self := [alloc]({{ "ref", true, {{ "adt", "WP", {{ pty_T0 }} }} }});
        u := [store_value](l-nth(m_1self, 0i), l-nth(m_1self, 1i), {{ "ref", true, {{ "adt", "WP", {{ pty_T0 }} }} }}, g_0);
        m_2 := [alloc]({{ "ref", true, pty_T0 }});
        m_3 := [alloc]({{ "ref", true, pty_T0 }});
        m_6ret := [alloc]({{ "ref", true, pty_T0 }});
  bb0:  g_2 := [load_value](l-nth(m_1self, 0i), l-nth(m_1self, 1i), {{ "ref", true, {{ "adt", "WP", {{ pty_T0 }} }} }}, true);
        g_1 := l-nth(g_2, 0i);
        m_5 := g_1;
        g_3 := m_5;
        apply "freeze_xy::<T>"(pLft_a,pty_T0,g_3);
        goto bb1;
  bb1:  g_5 := [load_value](l-nth(m_1self, 0i), l-nth(m_1self, 1i), {{ "ref", true, {{ "adt", "WP", {{ pty_T0 }} }} }}, true);
        g_4 := l-nth(g_5, 0i);
        g_7 := [load_value](l-nth(g_4, 0i), l+ (l-nth(g_4, 1i), {{ {{ "f", 1i, {{ "adt", "WP", {{ pty_T0 }} }} }} }}), {{ "ptr", true, {{ "adt", "N", {{ pty_T0 }} }} }}, true);
        g_6 := l-nth(g_7, 0i);
        u := [store_value](l-nth(m_6ret, 0i), l-nth(m_6ret, 1i), {{ "ref", true, pty_T0 }}, {{ l-nth(g_6, 0i), l+ (l-nth(g_6, 1i), {{ {{ "f", 0i, {{ "adt", "N", {{ pty_T0 }} }} }} }}) }});
        g_9 := [load_value](l-nth(m_1self, 0i), l-nth(m_1self, 1i), {{ "ref", true, {{ "adt", "WP", {{ pty_T0 }} }} }}, true);
        g_8 := l-nth(g_9, 0i);
        m_8 := g_8;
        g_10 := m_8;
        apply "extract_y::<T>"(pLft_a,pty_T0,g_10);
        goto bb2;
  bb2:  g_12 := [load_value](l-nth(m_6ret, 0i), l-nth(m_6ret, 1i), {{ "ref", true, pty_T0 }}, true);
        g_11 := l-nth(g_12, 0i);
        u := [store_value](l-nth(m_3, 0i), l-nth(m_3, 1i), {{ "ref", true, pty_T0 }}, g_11);
        g_14 := [load_value](l-nth(m_3, 0i), l-nth(m_3, 1i), {{ "ref", true, pty_T0 }}, true);
        g_13 := l-nth(g_14, 0i);
        u := [store_value](l-nth(m_2, 0i), l-nth(m_2, 1i), {{ "ref", true, pty_T0 }}, g_13);
        g_16 := [load_value](l-nth(m_2, 0i), l-nth(m_2, 1i), {{ "ref", true, pty_T0 }}, true);
        g_15 := l-nth(g_16, 0i);
        m_0 := g_15;
        g_17 := m_0;
        ret := g_17;
        goto rlab;
  rlab: u := [free](l-nth(m_1self, 0i), l-nth(m_1self, 1i), {{ "ref", true, {{ "adt", "WP", {{ pty_T0 }} }} }});
        u := [free](l-nth(m_2, 0i), l-nth(m_2, 1i), {{ "ref", true, pty_T0 }});
        u := [free](l-nth(m_3, 0i), l-nth(m_3, 1i), {{ "ref", true, pty_T0 }});
        u := [free](l-nth(m_6ret, 0i), l-nth(m_6ret, 1i), {{ "ref", true, pty_T0 }});
        return
};

